=== RUN   TestPFMethodWithIfElseRunsThroughJITWithLogs
=== JIT COMPILED PROGRAM choose ===
  0: opcode=16 operand=0 aux=0
  1: opcode=24 operand=2 aux=0
  2: opcode=23 operand=1 aux=0
  3: opcode=49 operand=0 aux=0
  4: opcode=20 operand=0 aux=0
  5: opcode=23 operand=2 aux=0
  6: opcode=82 operand=0 aux=0
  7: opcode=51 operand=0 aux=0
  8: opcode=24 operand=2 aux=0
  9: opcode=48 operand=0 aux=0
  10: opcode=20 operand=0 aux=0
  11: opcode=23 operand=2 aux=0
  12: opcode=82 operand=1 aux=0
  13: opcode=51 operand=0 aux=0
  14: opcode=24 operand=2 aux=0
  15: opcode=23 operand=2 aux=0
  16: opcode=107 operand=0 aux=0
=================================
panic: test timed out after 2s
	running tests:
		TestPFMethodWithIfElseRunsThroughJITWithLogs (2s)

goroutine 34 [running]:
testing.(*M).startAlarm.func1()
	C:/Users/ejane/scoop/apps/go/current/src/testing/testing.go:2682 +0x345
created by time.goFunc
	C:/Users/ejane/scoop/apps/go/current/src/time/sleep.go:215 +0x2d

goroutine 1 [chan receive]:
testing.(*T).Run(0xc0001c4000, {0x7ff6524d5a2c?, 0x7fff688c1320?}, 0x7ff6524fbb08)
	C:/Users/ejane/scoop/apps/go/current/src/testing/testing.go:2005 +0x469
testing.runTests.func1(0xc0001c4000)
	C:/Users/ejane/scoop/apps/go/current/src/testing/testing.go:2477 +0x37
testing.tRunner(0xc0001c4000, 0xc0000e5c70)
	C:/Users/ejane/scoop/apps/go/current/src/testing/testing.go:1934 +0xc3
testing.runTests(0xc0001a4000, {0x7ff6528ae180, 0x61, 0x61}, {0x18?, 0xc0000e5cf8?, 0x7ff6528b2fa0?})
	C:/Users/ejane/scoop/apps/go/current/src/testing/testing.go:2475 +0x4b4
testing.(*M).Run(0xc00019a000)
	C:/Users/ejane/scoop/apps/go/current/src/testing/testing.go:2337 +0x63a
main.main()
	_testmain.go:239 +0x9b

goroutine 18 [running]:
	goroutine running on other thread; stack unavailable
created by testing.(*T).Run in goroutine 1
	C:/Users/ejane/scoop/apps/go/current/src/testing/testing.go:1997 +0x44b
FAIL	github.com/ArubikU/polyloft-bvm	4.046s
FAIL
